// Jest Snapshot v1, https://goo.gl/fbAQLP

exports[`Header Component renders properly 1`] = `
<header
  class="header"
>
  
    Header content

</header>
`;
